STORE_CHAR 8250
STORE_CHAR 1886351212
STORE_CHAR 544370502
BUILD_STR 3
SYSCALL 1
STORE 0
STORE_MEM -1
LOAD 0
STORE 4
LT 0
NOT 0
JUMP_IF 30
LOAD 0
STORE 2
EQ 0
JUMP_IF 17
JUMP 18
JUMP 25
BUILD_STR 0
LOAD 0
ADD 0
STORE_CHAR 8236
BUILD_STR 1
ADD 0
SYSCALL 1
LOAD 0
STORE 1
ADD 0
STORE_MEM 0
JUMP 7
STORE_CHAR 32
STORE_CHAR 980447087
STORE_CHAR 1277191532
STORE_CHAR 1768445706
BUILD_STR 4
SYSCALL 1
STORE 0
STORE_MEM -1
LOAD 1
STORE 4
LT 0
NOT 0
JUMP_IF 55
BUILD_STR 0
LOAD 1
ADD 0
STORE_CHAR 8236
BUILD_STR 1
ADD 0
SYSCALL 1
LOAD 1
STORE 1
ADD 0
STORE_MEM 1
JUMP 38
LOAD 1
SYSCALL 1
