STORE 7
STORE_MEM -1
STORE 0
STORE_MEM -1
STORE 0
STORE_MEM -1
JUMP 13
STORE_MEM 1
STORE_MEM 2
LOAD 1
LOAD 2
ADD 0
RETURN 0
STORE 1
STORE 2
CALL 0
STORE_MEM -1
STORE_CHAR 540876841
STORE_CHAR 840969265
STORE_CHAR 677667937
BUILD_STR 3
LOAD 3
ADD 0
SYSCALL 1
