STORE 5
STORE_MEM -1
STORE 0
STORE_MEM -1
JUMP 10
STORE_MEM 1
LOAD 1
STORE 2
MUL 0
RETURN 0
STORE 15
STORE_MEM -1
STORE 0
STORE_MEM -1
JUMP 22
STORE_MEM 3
LOAD 3
STORE 2
MOD 0
STORE 0
EQ 0
RETURN 0
STORE 27
STORE_MEM -1
STORE 0
STORE_MEM -1
JUMP 32
STORE_MEM 5
LOAD 5
CALL 2
NOT 0
RETURN 0
STORE 4
STORE 3
STORE 2
STORE 1
BUILD_LIST 4
STORE_MEM -1
LOAD 0
LOAD 6
OBJCALL 6
SYSCALL 1
LOAD 2
LOAD 6
OBJCALL 7
SYSCALL 1
LOAD 4
LOAD 6
OBJCALL 7
SYSCALL 1
