STORE 57
STORE 3
STORE 2
STORE 1
BUILD_LIST 4
STORE_MEM -1
STORE_CHAR 8250
STORE_CHAR 1953720652
BUILD_STR 2
LOAD 0
OBJCALL 12
ADD 0
STORE_CHAR 10
BUILD_STR 1
ADD 0
SYSCALL 1
LOAD 0
OBJCALL 3
STORE 40
LOAD 0
OBJCALL 0
STORE 2
LOAD 0
OBJCALL 2
STORE_CHAR 32
STORE_CHAR 980710249
STORE_CHAR 1814062181
STORE_CHAR 1684303693
BUILD_STR 4
LOAD 0
OBJCALL 12
ADD 0
STORE_CHAR 10
BUILD_STR 1
ADD 0
SYSCALL 1
STORE_CHAR 2112116
STORE_CHAR 1936288800
STORE_CHAR 1702521171
BUILD_STR 3
LOAD 0
OBJCALL 1
ADD 0
STORE_CHAR 10
BUILD_STR 1
ADD 0
SYSCALL 1
STORE 4
STORE 3
BUILD_LIST 2
STORE 10
STORE 1
BUILD_LIST 2
BUILD_LIST 2
STORE_MEM -1
STORE 2
LOAD 1
LIST_ACCESS 0
LIST_SET 1
STORE_CHAR 540703337
STORE_CHAR 1920229709
BUILD_STR 2
LOAD 1
OBJCALL 12
ADD 0
STORE_CHAR 10
BUILD_STR 1
ADD 0
SYSCALL 1
BUILD_LIST 0
STORE_MEM -1
LOAD 2
OBJCALL 4
JUMP_IF 81
STORE_CHAR 686452
STORE_CHAR 1886217504
STORE_CHAR 1953459744
STORE_CHAR 1931965513
BUILD_STR 4
SYSCALL 1
JUMP 86
STORE_CHAR 686452
STORE_CHAR 1886217504
STORE_CHAR 1931965513
BUILD_STR 3
SYSCALL 1
STORE_CHAR 10
STORE_CHAR 560229490
STORE_CHAR 1867980911
STORE_CHAR 1819043144
BUILD_STR 4
STORE_MEM -1
STORE 0
STORE 5
LOAD 3
OBJCALL 5
STORE_CHAR 10
BUILD_STR 1
ADD 0
SYSCALL 1
LOAD 3
OBJCALL 10
SYSCALL 1
LOAD 3
OBJCALL 11
SYSCALL 1
STORE 56
STORE 89
STORE 34
STORE 67
STORE 12
STORE 45
STORE 23
BUILD_LIST 7
STORE_MEM -1
STORE_CHAR 32
STORE_CHAR 980314445
BUILD_STR 2
LOAD 4
OBJCALL 8
ADD 0
STORE_CHAR 10
BUILD_STR 1
ADD 0
SYSCALL 1
STORE_CHAR 32
STORE_CHAR 980967757
BUILD_STR 2
LOAD 4
OBJCALL 9
ADD 0
STORE_CHAR 10
BUILD_STR 1
ADD 0
SYSCALL 1
