STORE_CHAR 116
STORE_CHAR 2020879988
STORE_CHAR 1936028719
STORE_CHAR 1953719668
BUILD_STR 4
STORE_MEM -1
LOAD 0
STORE_CHAR 10
STORE_CHAR 560229490
STORE_CHAR 1867980911
STORE_CHAR 1819043144
BUILD_STR 4
STORE 0
STORE 1
SYSCALL 7
LOAD 0
STORE 0
STORE 0
STORE 5
SYSCALL 6
SYSCALL 1
LOAD 0
STORE 5
STORE 0
STORE -1
SYSCALL 6
SYSCALL 1
STORE_CHAR 110
STORE_CHAR 1768042100
STORE_CHAR 1936028719
STORE_CHAR 1953719668
BUILD_STR 4
STORE_MEM -1
STORE 111
STORE 108
STORE 108
STORE 101
STORE 72
BUILD_LIST 5
STORE_MEM -1
LOAD 1
LOAD 2
STORE 1
STORE 1
SYSCALL 7
BUILD_LIST 0
STORE_MEM -1
LOAD 1
STORE 0
STORE 4
STORE -1
SYSCALL 6
STORE_MEM 3
LOAD 3
OBJCALL 12
STORE_CHAR 10
BUILD_STR 1
ADD 0
SYSCALL 1
BUILD_STR 0
STORE_MEM -1
LOAD 1
STORE 0
STORE 4
STORE -1
SYSCALL 6
STORE_MEM 4
LOAD 4
SYSCALL 1
