STORE 1
STORE 1
DEFINE_TYPE 2
STORE 10
STORE 2
NEW 0
STORE_MEM -1
STORE 5
LOAD 0
STORE_HEAP 2
STORE 15
STORE_MEM -1
STORE 0
STORE_MEM -1
JUMP 34
STORE_MEM 2
STORE_CHAR 8250
STORE_CHAR 829257070
BUILD_STR 2
LOAD 2
LOAD_HEAP 2
ADD 0
STORE_CHAR 10
BUILD_STR 1
ADD 0
SYSCALL 1
STORE_CHAR 8250
STORE_CHAR 846034286
BUILD_STR 2
LOAD 2
LOAD_HEAP 1
ADD 0
SYSCALL 1
RETURN 0
LOAD 0
CALL 1
