STORE_CHAR 540701285
STORE_CHAR 1651340654
STORE_CHAR 543236210
STORE_CHAR 1702129221
BUILD_STR 4
SYSCALL 1
SYSCALL 2
STORE_MEM -1
LOAD 0
STORE 2
MOD 0
STORE 0
EQ 0
JUMP_IF 22
STORE_CHAR 25700
STORE_CHAR 1864397673
STORE_CHAR 544367970
STORE_CHAR 1836412448
STORE_CHAR 1920298841
BUILD_STR 5
SYSCALL 1
JUMP 29
STORE_CHAR 7234934
STORE_CHAR 1696625513
STORE_CHAR 544367970
STORE_CHAR 1836412448
STORE_CHAR 1920298841
BUILD_STR 5
SYSCALL 1
